// Jest Snapshot v1, https://goo.gl/fbAQLP

exports[`Reports matches snapshot 1`] = `"ReportsComponent"`;
